Archive member included to satisfy reference by file (symbol)

D:/STM32CubeIDE_1.14.1/STM32CubeIDE/plugins/com.st.stm32cube.ide.mcu.externaltools.gnu-tools-for-stm32.11.3.rel1.win32_1.1.100.202309141235/tools/bin/../lib/gcc/arm-none-eabi/11.3.1/../../../../arm-none-eabi/lib/thumb/v7-m/nofp\libc_nano.a(libc_a-exit.o)
                              D:/STM32CubeIDE_1.14.1/STM32CubeIDE/plugins/com.st.stm32cube.ide.mcu.externaltools.gnu-tools-for-stm32.11.3.rel1.win32_1.1.100.202309141235/tools/bin/../lib/gcc/arm-none-eabi/11.3.1/../../../../arm-none-eabi/lib/thumb/v7-m/nofp/crt0.o (exit)
D:/STM32CubeIDE_1.14.1/STM32CubeIDE/plugins/com.st.stm32cube.ide.mcu.externaltools.gnu-tools-for-stm32.11.3.rel1.win32_1.1.100.202309141235/tools/bin/../lib/gcc/arm-none-eabi/11.3.1/../../../../arm-none-eabi/lib/thumb/v7-m/nofp\libc_nano.a(libc_a-findfp.o)
                              D:/STM32CubeIDE_1.14.1/STM32CubeIDE/plugins/com.st.stm32cube.ide.mcu.externaltools.gnu-tools-for-stm32.11.3.rel1.win32_1.1.100.202309141235/tools/bin/../lib/gcc/arm-none-eabi/11.3.1/../../../../arm-none-eabi/lib/thumb/v7-m/nofp\libc_nano.a(libc_a-exit.o) (__stdio_exit_handler)
D:/STM32CubeIDE_1.14.1/STM32CubeIDE/plugins/com.st.stm32cube.ide.mcu.externaltools.gnu-tools-for-stm32.11.3.rel1.win32_1.1.100.202309141235/tools/bin/../lib/gcc/arm-none-eabi/11.3.1/../../../../arm-none-eabi/lib/thumb/v7-m/nofp\libc_nano.a(libc_a-fwalk.o)
                              D:/STM32CubeIDE_1.14.1/STM32CubeIDE/plugins/com.st.stm32cube.ide.mcu.externaltools.gnu-tools-for-stm32.11.3.rel1.win32_1.1.100.202309141235/tools/bin/../lib/gcc/arm-none-eabi/11.3.1/../../../../arm-none-eabi/lib/thumb/v7-m/nofp\libc_nano.a(libc_a-findfp.o) (_fwalk_sglue)
D:/STM32CubeIDE_1.14.1/STM32CubeIDE/plugins/com.st.stm32cube.ide.mcu.externaltools.gnu-tools-for-stm32.11.3.rel1.win32_1.1.100.202309141235/tools/bin/../lib/gcc/arm-none-eabi/11.3.1/../../../../arm-none-eabi/lib/thumb/v7-m/nofp\libc_nano.a(libc_a-stdio.o)
                              D:/STM32CubeIDE_1.14.1/STM32CubeIDE/plugins/com.st.stm32cube.ide.mcu.externaltools.gnu-tools-for-stm32.11.3.rel1.win32_1.1.100.202309141235/tools/bin/../lib/gcc/arm-none-eabi/11.3.1/../../../../arm-none-eabi/lib/thumb/v7-m/nofp\libc_nano.a(libc_a-findfp.o) (__sread)
D:/STM32CubeIDE_1.14.1/STM32CubeIDE/plugins/com.st.stm32cube.ide.mcu.externaltools.gnu-tools-for-stm32.11.3.rel1.win32_1.1.100.202309141235/tools/bin/../lib/gcc/arm-none-eabi/11.3.1/../../../../arm-none-eabi/lib/thumb/v7-m/nofp\libc_nano.a(libc_a-memset.o)
                              D:/STM32CubeIDE_1.14.1/STM32CubeIDE/plugins/com.st.stm32cube.ide.mcu.externaltools.gnu-tools-for-stm32.11.3.rel1.win32_1.1.100.202309141235/tools/bin/../lib/gcc/arm-none-eabi/11.3.1/../../../../arm-none-eabi/lib/thumb/v7-m/nofp/crt0.o (memset)
D:/STM32CubeIDE_1.14.1/STM32CubeIDE/plugins/com.st.stm32cube.ide.mcu.externaltools.gnu-tools-for-stm32.11.3.rel1.win32_1.1.100.202309141235/tools/bin/../lib/gcc/arm-none-eabi/11.3.1/../../../../arm-none-eabi/lib/thumb/v7-m/nofp\libc_nano.a(libc_a-closer.o)
                              D:/STM32CubeIDE_1.14.1/STM32CubeIDE/plugins/com.st.stm32cube.ide.mcu.externaltools.gnu-tools-for-stm32.11.3.rel1.win32_1.1.100.202309141235/tools/bin/../lib/gcc/arm-none-eabi/11.3.1/../../../../arm-none-eabi/lib/thumb/v7-m/nofp\libc_nano.a(libc_a-stdio.o) (_close_r)
D:/STM32CubeIDE_1.14.1/STM32CubeIDE/plugins/com.st.stm32cube.ide.mcu.externaltools.gnu-tools-for-stm32.11.3.rel1.win32_1.1.100.202309141235/tools/bin/../lib/gcc/arm-none-eabi/11.3.1/../../../../arm-none-eabi/lib/thumb/v7-m/nofp\libc_nano.a(libc_a-reent.o)
                              D:/STM32CubeIDE_1.14.1/STM32CubeIDE/plugins/com.st.stm32cube.ide.mcu.externaltools.gnu-tools-for-stm32.11.3.rel1.win32_1.1.100.202309141235/tools/bin/../lib/gcc/arm-none-eabi/11.3.1/../../../../arm-none-eabi/lib/thumb/v7-m/nofp\libc_nano.a(libc_a-closer.o) (errno)
D:/STM32CubeIDE_1.14.1/STM32CubeIDE/plugins/com.st.stm32cube.ide.mcu.externaltools.gnu-tools-for-stm32.11.3.rel1.win32_1.1.100.202309141235/tools/bin/../lib/gcc/arm-none-eabi/11.3.1/../../../../arm-none-eabi/lib/thumb/v7-m/nofp\libc_nano.a(libc_a-impure.o)
                              D:/STM32CubeIDE_1.14.1/STM32CubeIDE/plugins/com.st.stm32cube.ide.mcu.externaltools.gnu-tools-for-stm32.11.3.rel1.win32_1.1.100.202309141235/tools/bin/../lib/gcc/arm-none-eabi/11.3.1/../../../../arm-none-eabi/lib/thumb/v7-m/nofp\libc_nano.a(libc_a-reent.o) (_impure_ptr)
D:/STM32CubeIDE_1.14.1/STM32CubeIDE/plugins/com.st.stm32cube.ide.mcu.externaltools.gnu-tools-for-stm32.11.3.rel1.win32_1.1.100.202309141235/tools/bin/../lib/gcc/arm-none-eabi/11.3.1/../../../../arm-none-eabi/lib/thumb/v7-m/nofp\libc_nano.a(libc_a-lseekr.o)
[...]
Memory Configuration

Name             Origin             Length             Attributes
RAM              0x0000000020000000 0x0000000000002800 xrw
FLASH            0x0000000008000000 0x0000000000008000 xr
*default*        0x0000000000000000 0xffffffffffffffff

Linker script and memory map

LOAD D:/STM32CubeIDE_1.14.1/STM32CubeIDE/plugins/com.st.stm32cube.ide.mcu.externaltools.gnu-tools-for-stm32.11.3.rel1.win32_1.1.100.202309141235/tools/bin/../lib/gcc/arm-none-eabi/11.3.1/thumb/v7-m/nofp/crti.o
LOAD D:/STM32CubeIDE_1.14.1/STM32CubeIDE/plugins/com.st.stm32cube.ide.mcu.externaltools.gnu-tools-for-stm32.11.3.rel1.win32_1.1.100.202309141235/tools/bin/../lib/gcc/arm-none-eabi/11.3.1/thumb/v7-m/nofp/crtbegin.o
LOAD D:/STM32CubeIDE_1.14.1/STM32CubeIDE/plugins/com.st.stm32cube.ide.mcu.externaltools.gnu-tools-for-stm32.11.3.rel1.win32_1.1.100.202309141235/tools/bin/../lib/gcc/arm-none-eabi/11.3.1/../../../../arm-none-eabi/lib/thumb/v7-m/nofp/crt0.o
LOAD ./Core/Src/button.o
LOAD ./Core/Src/control_led.o
LOAD ./Core/Src/fsm_simple_buttons_run.o
LOAD ./Core/Src/main.o
LOAD ./Core/Src/software_timer.o
LOAD ./Core/Src/stm32f1xx_hal_msp.o
LOAD ./Core/Src/stm32f1xx_it.o
LOAD ./Core/Src/syscalls.o
LOAD ./Core/Src/sysmem.o
LOAD ./Core/Src/system_stm32f1xx.o
LOAD ./Core/Startup/startup_stm32f103c6tx.o
LOAD ./Drivers/STM32F1xx_HAL_Driver/Src/stm32f1xx_hal.o
LOAD ./Drivers/STM32F1xx_HAL_Driver/Src/stm32f1xx_hal_cortex.o
LOAD ./Drivers/STM32F1xx_HAL_Driver/Src/stm32f1xx_hal_dma.o
LOAD ./Drivers/STM32F1xx_HAL_Driver/Src/stm32f1xx_hal_exti.o
LOAD ./Drivers/STM32F1xx_HAL_Driver/Src/stm32f1xx_hal_flash.o
LOAD ./Drivers/STM32F1xx_HAL_Driver/Src/stm32f1xx_hal_flash_ex.o
LOAD ./Drivers/STM32F1xx_HAL_Driver/Src/stm32f1xx_hal_gpio.o
LOAD ./Drivers/STM32F1xx_HAL_Driver/Src/stm32f1xx_hal_gpio_ex.o
LOAD ./Drivers/STM32F1xx_HAL_Driver/Src/stm32f1xx_hal_pwr.o
LOAD ./Drivers/STM32F1xx_HAL_Driver/Src/stm32f1xx_hal_rcc.o
LOAD ./Drivers/STM32F1xx_HAL_Driver/Src/stm32f1xx_hal_rcc_ex.o
LOAD ./Drivers/STM32F1xx_HAL_Driver/Src/stm32f1xx_hal_tim.o
LOAD ./Drivers/STM32F1xx_HAL_Driver/Src/stm32f1xx_hal_tim_ex.o
START GROUP
LOAD D:/STM32CubeIDE_1.14.1/STM32CubeIDE/plugins/com.st.stm32cube.ide.mcu.externaltools.gnu-tools-for-stm32.11.3.rel1.win32_1.1.100.202309141235/tools/bin/../lib/gcc/arm-none-eabi/11.3.1/../../../../arm-none-eabi/lib/thumb/v7-m/nofp\libc_nano.a
LOAD D:/STM32CubeIDE_1.14.1/STM32CubeIDE/plugins/com.st.stm32cube.ide.mcu.externaltools.gnu-tools-for-stm32.11.3.rel1.win32_1.1.100.202309141235/tools/bin/../lib/gcc/arm-none-eabi/11.3.1/../../../../arm-none-eabi/lib/thumb/v7-m/nofp\libm.a
END GROUP
START GROUP
LOAD D:/STM32CubeIDE_1.14.1/STM32CubeIDE/plugins/com.st.stm32cube.ide.mcu.externaltools.gnu-tools-for-stm32.11.3.rel1.win32_1.1.100.202309141235/tools/bin/../lib/gcc/arm-none-eabi/11.3.1/thumb/v7-m/nofp\libgcc.a
LOAD D:/STM32CubeIDE_1.14.1/STM32CubeIDE/plugins/com.st.stm32cube.ide.mcu.externaltools.gnu-tools-for-stm32.11.3.rel1.win32_1.1.100.202309141235/tools/bin/../lib/gcc/arm-none-eabi/11.3.1/../../../../arm-none-eabi/lib/thumb/v7-m/nofp\libc_nano.a
END GROUP
START GROUP
LOAD D:/STM32CubeIDE_1.14.1/STM32CubeIDE/plugins/com.st.stm32cube.ide.mcu.externaltools.gnu-tools-for-stm32.11.3.rel1.win32_1.1.100.202309141235/tools/bin/../lib/gcc/arm-none-eabi/11.3.1/thumb/v7-m/nofp\libgcc.a
LOAD D:/STM32CubeIDE_1.14.1/STM32CubeIDE/plugins/com.st.stm32cube.ide.mcu.externaltools.gnu-tools-for-stm32.11.3.rel1.win32_1.1.100.202309141235/tools/bin/../lib/gcc/arm-none-eabi/11.3.1/../../../../arm-none-eabi/lib/thumb/v7-m/nofp\libc_nano.a
LOAD D:/STM32CubeIDE_1.14.1/STM32CubeIDE/plugins/com.st.stm32cube.ide.mcu.externaltools.gnu-tools-for-stm32.11.3.rel1.win32_1.1.100.202309141235/tools/bin/../lib/gcc/arm-none-eabi/11.3.1/../../../../arm-none-eabi/lib/thumb/v7-m/nofp\libnosys.a
END GROUP
START GROUP
LOAD D:/STM32CubeIDE_1.14.1/STM32CubeIDE/plugins/com.st.stm32cube.ide.mcu.externaltools.gnu-tools-for-stm32.11.3.rel1.win32_1.1.100.202309141235/tools/bin/../lib/gcc/arm-none-eabi/11.3.1/thumb/v7-m/nofp\libgcc.a
LOAD D:/STM32CubeIDE_1.14.1/STM32CubeIDE/plugins/com.st.stm32cube.ide.mcu.externaltools.gnu-tools-for-stm32.11.3.rel1.win32_1.1.100.202309141235/tools/bin/../lib/gcc/arm-none-eabi/11.3.1/../../../../arm-none-eabi/lib/thumb/v7-m/nofp\libc_nano.a
LOAD D:/STM32CubeIDE_1.14.1/STM32CubeIDE/plugins/com.st.stm32cube.ide.mcu.externaltools.gnu-tools-for-stm32.11.3.rel1.win32_1.1.100.202309141235/tools/bin/../lib/gcc/arm-none-eabi/11.3.1/../../../../arm-none-eabi/lib/thumb/v7-m/nofp\libnosys.a
END GROUP
LOAD D:/STM32CubeIDE_1.14.1/STM32CubeIDE/plugins/com.st.stm32cube.ide.mcu.externaltools.gnu-tools-for-stm32.11.3.rel1.win32_1.1.100.202309141235/tools/bin/../lib/gcc/arm-none-eabi/11.3.1/thumb/v7-m/nofp/crtend.o
LOAD D:/STM32CubeIDE_1.14.1/STM32CubeIDE/plugins/com.st.stm32cube.ide.mcu.externaltools.gnu-tools-for-stm32.11.3.rel1.win32_1.1.100.202309141235/tools/bin/../lib/gcc/arm-none-eabi/11.3.1/thumb/v7-m/nofp/crtn.o
                0x0000000020002800                _estack = (ORIGIN (RAM) + LENGTH (RAM))
                0x0000000000000200                _Min_Heap_Size = 0x200
                0x0000000000000400                _Min_Stack_Size = 0x400

.isr_vector     0x0000000008000000      0x10c
                0x0000000008000000                . = ALIGN (0x4)
 *(.isr_vector)
 .isr_vector    0x0000000008000000      0x10c ./Core/Startup/startup_stm32f103c6tx.o
                0x0000000008000000                g_pfnVectors
                0x000000000800010c                . = ALIGN (0x4)

.text           0x000000000800010c     0x1fa4
                0x000000000800010c                . = ALIGN (0x4)
 *(.text)
 .text          0x000000000800010c       0x40 D:/STM32CubeIDE_1.14.1/STM32CubeIDE/plugins/com.st.stm32cube.ide.mcu.externaltools.gnu-tools-for-stm32.11.3.rel1.win32_1.1.100.202309141235/tools/bin/../lib/gcc/arm-none-eabi/11.3.1/thumb/v7-m/nofp/crtbegin.o
 *(.text*)
 .text.is_button_pressed
                0x000000000800014c       0x34 ./Core/Src/button.o
                0x000000000800014c                is_button_pressed
 .text.subKeyProcess
                0x0000000008000180       0x20 ./Core/Src/button.o
                0x0000000008000180                subKeyProcess
 .text.is_long_button_flag
                0x00000000080001a0       0x34 ./Core/Src/button.o
                0x00000000080001a0                is_long_button_flag
 .text.getKeyInput
                0x00000000080001d4      0x1a0 ./Core/Src/button.o
                0x00000000080001d4                getKeyInput
 .text.display7SEG
                0x0000000008000374      0x148 ./Core/Src/control_led.o
                0x0000000008000374                display7SEG
 .text.wrapAroundCounter
                0x00000000080004bc       0x2c ./Core/Src/fsm_simple_buttons_run.o
                0x00000000080004bc                wrapAroundCounter
 .text.fsm_simple_buttons_run
                0x00000000080004e8       0xd0 ./Core/Src/fsm_simple_buttons_run.o
                0x00000000080004e8                fsm_simple_buttons_run
 .text.main     0x00000000080005b8       0x38 ./Core/Src/main.o
                0x00000000080005b8                main
 .text.SystemClock_Config
                0x00000000080005f0       0x76 ./Core/Src/main.o
                0x00000000080005f0                SystemClock_Config
 *fill*         0x0000000008000666        0x2 
 .text.MX_TIM2_Init
                0x0000000008000668       0x98 ./Core/Src/main.o
 .text.MX_GPIO_Init
                0x0000000008000700       0x9c ./Core/Src/main.o
 .text.HAL_TIM_PeriodElapsedCallback
                0x000000000800079c       0x18 ./Core/Src/main.o
                0x000000000800079c                HAL_TIM_PeriodElapsedCallback
 .text.Error_Handler
                0x00000000080007b4        0xa ./Core/Src/main.o
                0x00000000080007b4                Error_Handler
 *fill*         0x00000000080007be        0x2 
 .text.setTimer0
                0x00000000080007c0       0x28 ./Core/Src/software_timer.o
                0x00000000080007c0                setTimer0
 .text.setTimer1
                0x00000000080007e8       0x28 ./Core/Src/software_timer.o
                0x00000000080007e8                setTimer1
 .text.timerRun
                0x0000000008000810       0xd4 ./Core/Src/software_timer.o
                0x0000000008000810                timerRun
 .text.HAL_MspInit
                0x00000000080008e4       0x64 ./Core/Src/stm32f1xx_hal_msp.o
                0x00000000080008e4                HAL_MspInit
 .text.HAL_TIM_Base_MspInit
                0x0000000008000948       0x48 ./Core/Src/stm32f1xx_hal_msp.o
                0x0000000008000948                HAL_TIM_Base_MspInit
 .text.NMI_Handler
                0x0000000008000990        0x6 ./Core/Src/stm32f1xx_it.o
                0x0000000008000990                NMI_Handler
 .text.HardFault_Handler
                0x0000000008000996        0x6 ./Core/Src/stm32f1xx_it.o
                0x0000000008000996                HardFault_Handler
 .text.MemManage_Handler
                0x000000000800099c        0x6 ./Core/Src/stm32f1xx_it.o
                0x000000000800099c                MemManage_Handler
 .text.BusFault_Handler
                0x00000000080009a2        0x6 ./Core/Src/stm32f1xx_it.o
                0x00000000080009a2                BusFault_Handler
 .text.UsageFault_Handler
                0x00000000080009a8        0x6 ./Core/Src/stm32f1xx_it.o
                0x00000000080009a8                UsageFault_Handler
 .text.SVC_Handler
                0x00000000080009ae        0xc ./Core/Src/stm32f1xx_it.o
                0x00000000080009ae                SVC_Handler
 .text.DebugMon_Handler
                0x00000000080009ba        0xc ./Core/Src/stm32f1xx_it.o
                0x00000000080009ba                DebugMon_Handler
 .text.PendSV_Handler
                0x00000000080009c6        0xc ./Core/Src/stm32f1xx_it.o
                0x00000000080009c6                PendSV_Handler
 .text.SysTick_Handler
                0x00000000080009d2        0xc ./Core/Src/stm32f1xx_it.o
                0x00000000080009d2                SysTick_Handler
 *fill*         0x00000000080009de        0x2 
 .text.TIM2_IRQHandler
                0x00000000080009e0       0x14 ./Core/Src/stm32f1xx_it.o
                0x00000000080009e0                TIM2_IRQHandler
 .text.SystemInit
                0x00000000080009f4        0xc ./Core/Src/system_stm32f1xx.o
                0x00000000080009f4                SystemInit
 .text.Reset_Handler
                0x0000000008000a00       0x48 ./Core/Startup/startup_stm32f103c6tx.o
                0x0000000008000a00                Reset_Handler
 .text.Default_Handler
                0x0000000008000a48        0x2 ./Core/Startup/startup_stm32f103c6tx.o
                0x0000000008000a48                RTC_Alarm_IRQHandler
                0x0000000008000a48                EXTI2_IRQHandler
                0x0000000008000a48                TIM1_CC_IRQHandler
                0x0000000008000a48                PVD_IRQHandler
                0x0000000008000a48                EXTI3_IRQHandler
                0x0000000008000a48                EXTI0_IRQHandler
                0x0000000008000a48                ADC1_2_IRQHandler
                0x0000000008000a48                SPI1_IRQHandler
                0x0000000008000a48                TAMPER_IRQHandler
                0x0000000008000a48                DMA1_Channel4_IRQHandler
                0x0000000008000a48                RTC_IRQHandler
                0x0000000008000a48                DMA1_Channel7_IRQHandler
                0x0000000008000a48                CAN1_RX1_IRQHandler
                0x0000000008000a48                I2C1_EV_IRQHandler
                0x0000000008000a48                DMA1_Channel6_IRQHandler
                0x0000000008000a48                TIM3_IRQHandler
                0x0000000008000a48                RCC_IRQHandler
                0x0000000008000a48                TIM1_TRG_COM_IRQHandler
                0x0000000008000a48                DMA1_Channel1_IRQHandler
                0x0000000008000a48                Default_Handler
                0x0000000008000a48                EXTI15_10_IRQHandler
                0x0000000008000a48                EXTI9_5_IRQHandler
                0x0000000008000a48                DMA1_Channel5_IRQHandler
                0x0000000008000a48                EXTI4_IRQHandler
                0x0000000008000a48                USB_LP_CAN1_RX0_IRQHandler
                0x0000000008000a48                USB_HP_CAN1_TX_IRQHandler
                0x0000000008000a48                DMA1_Channel3_IRQHandler
                0x0000000008000a48                TIM1_UP_IRQHandler
                0x0000000008000a48                WWDG_IRQHandler
                0x0000000008000a48                TIM1_BRK_IRQHandler
                0x0000000008000a48                EXTI1_IRQHandler
                0x0000000008000a48                USART2_IRQHandler
                0x0000000008000a48                DMA1_Channel2_IRQHandler
                0x0000000008000a48                CAN1_SCE_IRQHandler
                0x0000000008000a48                FLASH_IRQHandler
                0x0000000008000a48                USART1_IRQHandler
                0x0000000008000a48                I2C1_ER_IRQHandler
                0x0000000008000a48                USBWakeUp_IRQHandler
 *fill*         0x0000000008000a4a        0x2 
 .text.HAL_Init
                0x0000000008000a4c       0x2c ./Drivers/STM32F1xx_HAL_Driver/Src/stm32f1xx_hal.o
                0x0000000008000a4c                HAL_Init
 .text.HAL_InitTick
                0x0000000008000a78       0x60 ./Drivers/STM32F1xx_HAL_Driver/Src/stm32f1xx_hal.o
                0x0000000008000a78                HAL_InitTick
 .text.HAL_IncTick
                0x0000000008000ad8       0x24 ./Drivers/STM32F1xx_HAL_Driver/Src/stm32f1xx_hal.o
                0x0000000008000ad8                HAL_IncTick
 .text.HAL_GetTick
                0x0000000008000afc       0x14 ./Drivers/STM32F1xx_HAL_Driver/Src/stm32f1xx_hal.o
                0x0000000008000afc                HAL_GetTick
 .text.__NVIC_SetPriorityGrouping
                0x0000000008000b10       0x48 ./Drivers/STM32F1xx_HAL_Driver/Src/stm32f1xx_hal_cortex.o
 .text.__NVIC_GetPriorityGrouping
                0x0000000008000b58       0x1c ./Drivers/STM32F1xx_HAL_Driver/Src/stm32f1xx_hal_cortex.o
 .text.__NVIC_EnableIRQ
                0x0000000008000b74       0x38 ./Drivers/STM32F1xx_HAL_Driver/Src/stm32f1xx_hal_cortex.o
 .text.__NVIC_SetPriority
                0x0000000008000bac       0x54 ./Drivers/STM32F1xx_HAL_Driver/Src/stm32f1xx_hal_cortex.o
 .text.NVIC_EncodePriority
                0x0000000008000c00       0x64 ./Drivers/STM32F1xx_HAL_Driver/Src/stm32f1xx_hal_cortex.o
 .text.SysTick_Config
                0x0000000008000c64       0x44 ./Drivers/STM32F1xx_HAL_Driver/Src/stm32f1xx_hal_cortex.o
 .text.HAL_NVIC_SetPriorityGrouping
                0x0000000008000ca8       0x16 ./Drivers/STM32F1xx_HAL_Driver/Src/stm32f1xx_hal_cortex.o
                0x0000000008000ca8                HAL_NVIC_SetPriorityGrouping
 .text.HAL_NVIC_SetPriority
                0x0000000008000cbe       0x38 ./Drivers/STM32F1xx_HAL_Driver/Src/stm32f1xx_hal_cortex.o
                0x0000000008000cbe                HAL_NVIC_SetPriority
 .text.HAL_NVIC_EnableIRQ
                0x0000000008000cf6       0x1c ./Drivers/STM32F1xx_HAL_Driver/Src/stm32f1xx_hal_cortex.o
                0x0000000008000cf6                HAL_NVIC_EnableIRQ
 .text.HAL_SYSTICK_Config
                0x0000000008000d12       0x18 ./Drivers/STM32F1xx_HAL_Driver/Src/stm32f1xx_hal_cortex.o
                0x0000000008000d12                HAL_SYSTICK_Config
 *fill*         0x0000000008000d2a        0x2 
 .text.HAL_GPIO_Init
                0x0000000008000d2c      0x2f8 ./Drivers/STM32F1xx_HAL_Driver/Src/stm32f1xx_hal_gpio.o
                0x0000000008000d2c                HAL_GPIO_Init
 .text.HAL_GPIO_ReadPin
                0x0000000008001024       0x2e ./Drivers/STM32F1xx_HAL_Driver/Src/stm32f1xx_hal_gpio.o
                0x0000000008001024                HAL_GPIO_ReadPin
 .text.HAL_GPIO_WritePin
                0x0000000008001052       0x30 ./Drivers/STM32F1xx_HAL_Driver/Src/stm32f1xx_hal_gpio.o
                0x0000000008001052                HAL_GPIO_WritePin
 .text.HAL_GPIO_TogglePin
                0x0000000008001082       0x32 ./Drivers/STM32F1xx_HAL_Driver/Src/stm32f1xx_hal_gpio.o
                0x0000000008001082                HAL_GPIO_TogglePin
 .text.HAL_RCC_OscConfig
                0x00000000080010b4      0x504 ./Drivers/STM32F1xx_HAL_Driver/Src/stm32f1xx_hal_rcc.o
                0x00000000080010b4                HAL_RCC_OscConfig
 .text.HAL_RCC_ClockConfig
                0x00000000080015b8      0x1d4 ./Drivers/STM32F1xx_HAL_Driver/Src/stm32f1xx_hal_rcc.o
                0x00000000080015b8                HAL_RCC_ClockConfig
 .text.HAL_RCC_GetSysClockFreq
                0x000000000800178c       0xa8 ./Drivers/STM32F1xx_HAL_Driver/Src/stm32f1xx_hal_rcc.o
                0x000000000800178c                HAL_RCC_GetSysClockFreq
 .text.RCC_Delay
                0x0000000008001834       0x3c ./Drivers/STM32F1xx_HAL_Driver/Src/stm32f1xx_hal_rcc.o
 .text.HAL_TIM_Base_Init
                0x0000000008001870       0x9e ./Drivers/STM32F1xx_HAL_Driver/Src/stm32f1xx_hal_tim.o
                0x0000000008001870                HAL_TIM_Base_Init
 *fill*         0x000000000800190e        0x2 
 .text.HAL_TIM_Base_Start_IT
                0x0000000008001910       0x98 ./Drivers/STM32F1xx_HAL_Driver/Src/stm32f1xx_hal_tim.o
                0x0000000008001910                HAL_TIM_Base_Start_IT
 .text.HAL_TIM_IRQHandler
                0x00000000080019a8      0x210 ./Drivers/STM32F1xx_HAL_Driver/Src/stm32f1xx_hal_tim.o
                0x00000000080019a8                HAL_TIM_IRQHandler
 .text.HAL_TIM_ConfigClockSource
                0x0000000008001bb8      0x18e ./Drivers/STM32F1xx_HAL_Driver/Src/stm32f1xx_hal_tim.o
                0x0000000008001bb8                HAL_TIM_ConfigClockSource
 .text.HAL_TIM_OC_DelayElapsedCallback
                0x0000000008001d46       0x12 ./Drivers/STM32F1xx_HAL_Driver/Src/stm32f1xx_hal_tim.o
                0x0000000008001d46                HAL_TIM_OC_DelayElapsedCallback
 .text.HAL_TIM_IC_CaptureCallback
                0x0000000008001d58       0x12 ./Drivers/STM32F1xx_HAL_Driver/Src/stm32f1xx_hal_tim.o
                0x0000000008001d58                HAL_TIM_IC_CaptureCallback
 .text.HAL_TIM_PWM_PulseFinishedCallback
                0x0000000008001d6a       0x12 ./Drivers/STM32F1xx_HAL_Driver/Src/stm32f1xx_hal_tim.o
                0x0000000008001d6a                HAL_TIM_PWM_PulseFinishedCallback
 .text.HAL_TIM_TriggerCallback
                0x0000000008001d7c       0x12 ./Drivers/STM32F1xx_HAL_Driver/Src/stm32f1xx_hal_tim.o
                0x0000000008001d7c                HAL_TIM_TriggerCallback
 *fill*         0x0000000008001d8e        0x2 
 .text.TIM_Base_SetConfig
                0x0000000008001d90       0xb0 ./Drivers/STM32F1xx_HAL_Driver/Src/stm32f1xx_hal_tim.o
                0x0000000008001d90                TIM_Base_SetConfig
 .text.TIM_TI1_ConfigInputStage
                0x0000000008001e40       0x5c ./Drivers/STM32F1xx_HAL_Driver/Src/stm32f1xx_hal_tim.o
 .text.TIM_TI2_ConfigInputStage
                0x0000000008001e9c       0x5e ./Drivers/STM32F1xx_HAL_Driver/Src/stm32f1xx_hal_tim.o
 .text.TIM_ITRx_SetConfig
                0x0000000008001efa       0x34 ./Drivers/STM32F1xx_HAL_Driver/Src/stm32f1xx_hal_tim.o
 .text.TIM_ETR_SetConfig
                0x0000000008001f2e       0x3e ./Drivers/STM32F1xx_HAL_Driver/Src/stm32f1xx_hal_tim.o
                0x0000000008001f2e                TIM_ETR_SetConfig
 .text.HAL_TIMEx_MasterConfigSynchronization
                0x0000000008001f6c       0xb0 ./Drivers/STM32F1xx_HAL_Driver/Src/stm32f1xx_hal_tim_ex.o
                0x0000000008001f6c                HAL_TIMEx_MasterConfigSynchronization
 .text.HAL_TIMEx_CommutCallback
                0x000000000800201c       0x12 ./Drivers/STM32F1xx_HAL_Driver/Src/stm32f1xx_hal_tim_ex.o
                0x000000000800201c                HAL_TIMEx_CommutCallback
 .text.HAL_TIMEx_BreakCallback
                0x000000000800202e       0x12 ./Drivers/STM32F1xx_HAL_Driver/Src/stm32f1xx_hal_tim_ex.o
                0x000000000800202e                HAL_TIMEx_BreakCallback
 .text.memset   0x0000000008002040       0x10 D:/STM32CubeIDE_1.14.1/STM32CubeIDE/plugins/com.st.stm32cube.ide.mcu.externaltools.gnu-tools-for-stm32.11.3.rel1.win32_1.1.100.202309141235/tools/bin/../lib/gcc/arm-none-eabi/11.3.1/../../../../arm-none-eabi/lib/thumb/v7-m/nofp\libc_nano.a(libc_a-memset.o)
                0x0000000008002040                memset
 .text.__libc_init_array
                0x0000000008002050       0x48 D:/STM32CubeIDE_1.14.1/STM32CubeIDE/plugins/com.st.stm32cube.ide.mcu.externaltools.gnu-tools-for-stm32.11.3.rel1.win32_1.1.100.202309141235/tools/bin/../lib/gcc/arm-none-eabi/11.3.1/../../../../arm-none-eabi/lib/thumb/v7-m/nofp\libc_nano.a(libc_a-init.o)
                0x0000000008002050                __libc_init_array
 *(.glue_7)
 .glue_7        0x0000000008002098        0x0 linker stubs
 *(.glue_7t)
 .glue_7t       0x0000000008002098        0x0 linker stubs
 *(.eh_frame)
 .eh_frame      0x0000000008002098        0x0 D:/STM32CubeIDE_1.14.1/STM32CubeIDE/plugins/com.st.stm32cube.ide.mcu.externaltools.gnu-tools-for-stm32.11.3.rel1.win32_1.1.100.202309141235/tools/bin/../lib/gcc/arm-none-eabi/11.3.1/thumb/v7-m/nofp/crtbegin.o
 *(.init)
 .init          0x0000000008002098        0x4 D:/STM32CubeIDE_1.14.1/STM32CubeIDE/plugins/com.st.stm32cube.ide.mcu.externaltools.gnu-tools-for-stm32.11.3.rel1.win32_1.1.100.202309141235/tools/bin/../lib/gcc/arm-none-eabi/11.3.1/thumb/v7-m/nofp/crti.o
                0x0000000008002098                _init
 .init          0x000000000800209c        0x8 D:/STM32CubeIDE_1.14.1/STM32CubeIDE/plugins/com.st.stm32cube.ide.mcu.externaltools.gnu-tools-for-stm32.11.3.rel1.win32_1.1.100.202309141235/tools/bin/../lib/gcc/arm-none-eabi/11.3.1/thumb/v7-m/nofp/crtn.o
 *(.fini)
 .fini          0x00000000080020a4        0x4 D:/STM32CubeIDE_1.14.1/STM32CubeIDE/plugins/com.st.stm32cube.ide.mcu.externaltools.gnu-tools-for-stm32.11.3.rel1.win32_1.1.100.202309141235/tools/bin/../lib/gcc/arm-none-eabi/11.3.1/thumb/v7-m/nofp/crti.o
                0x00000000080020a4                _fini
 .fini          0x00000000080020a8        0x8 D:/STM32CubeIDE_1.14.1/STM32CubeIDE/plugins/com.st.stm32cube.ide.mcu.externaltools.gnu-tools-for-stm32.11.3.rel1.win32_1.1.100.202309141235/tools/bin/../lib/gcc/arm-none-eabi/11.3.1/thumb/v7-m/nofp/crtn.o
                0x00000000080020b0                . = ALIGN (0x4)
                0x00000000080020b0                _etext = .

.vfp11_veneer   0x00000000080020b0        0x0
 .vfp11_veneer  0x00000000080020b0        0x0 linker stubs

.v4_bx          0x00000000080020b0        0x0
 .v4_bx         0x00000000080020b0        0x0 linker stubs

.iplt           0x00000000080020b0        0x0
 .iplt          0x00000000080020b0        0x0 D:/STM32CubeIDE_1.14.1/STM32CubeIDE/plugins/com.st.stm32cube.ide.mcu.externaltools.gnu-tools-for-stm32.11.3.rel1.win32_1.1.100.202309141235/tools/bin/../lib/gcc/arm-none-eabi/11.3.1/thumb/v7-m/nofp/crtbegin.o

.rodata         0x00000000080020b0       0x24
                0x00000000080020b0                . = ALIGN (0x4)
 *(.rodata)
 *(.rodata*)
 .rodata.AHBPrescTable
                0x00000000080020b0       0x10 ./Core/Src/system_stm32f1xx.o
                0x00000000080020b0                AHBPrescTable
 .rodata.aPLLMULFactorTable.1
                0x00000000080020c0       0x10 ./Drivers/STM32F1xx_HAL_Driver/Src/stm32f1xx_hal_rcc.o
 .rodata.aPredivFactorTable.0
                0x00000000080020d0        0x2 ./Drivers/STM32F1xx_HAL_Driver/Src/stm32f1xx_hal_rcc.o
                0x00000000080020d4                . = ALIGN (0x4)
 *fill*         0x00000000080020d2        0x2 

.rel.dyn        0x00000000080020d4        0x0
 .rel.iplt      0x00000000080020d4        0x0 D:/STM32CubeIDE_1.14.1/STM32CubeIDE/plugins/com.st.stm32cube.ide.mcu.externaltools.gnu-tools-for-stm32.11.3.rel1.win32_1.1.100.202309141235/tools/bin/../lib/gcc/arm-none-eabi/11.3.1/thumb/v7-m/nofp/crtbegin.o

.ARM.extab      0x00000000080020d4        0x0
                0x00000000080020d4                . = ALIGN (0x4)
 *(.ARM.extab* .gnu.linkonce.armextab.*)
                0x00000000080020d4                . = ALIGN (0x4)

.ARM            0x00000000080020d4        0x0
                0x00000000080020d4                . = ALIGN (0x4)
                0x00000000080020d4                __exidx_start = .
 *(.ARM.exidx*)
                0x00000000080020d4                __exidx_end = .
                0x00000000080020d4                . = ALIGN (0x4)

.preinit_array  0x00000000080020d4        0x0
                0x00000000080020d4                . = ALIGN (0x4)
                0x00000000080020d4                PROVIDE (__preinit_array_start = .)
 *(.preinit_array*)
                0x00000000080020d4                PROVIDE (__preinit_array_end = .)
                0x00000000080020d4                . = ALIGN (0x4)

.init_array     0x00000000080020d4        0x4
                0x00000000080020d4                . = ALIGN (0x4)
                0x00000000080020d4                PROVIDE (__init_array_start = .)
 *(SORT_BY_NAME(.init_array.*))
 *(.init_array*)
 .init_array    0x00000000080020d4        0x4 D:/STM32CubeIDE_1.14.1/STM32CubeIDE/plugins/com.st.stm32cube.ide.mcu.externaltools.gnu-tools-for-stm32.11.3.rel1.win32_1.1.100.202309141235/tools/bin/../lib/gcc/arm-none-eabi/11.3.1/thumb/v7-m/nofp/crtbegin.o
                0x00000000080020d8                PROVIDE (__init_array_end = .)
                0x00000000080020d8                . = ALIGN (0x4)

.fini_array     0x00000000080020d8        0x4
                0x00000000080020d8                . = ALIGN (0x4)
                [!provide]                        PROVIDE (__fini_array_start = .)
 *(SORT_BY_NAME(.fini_array.*))
 *(.fini_array*)
 .fini_array    0x00000000080020d8        0x4 D:/STM32CubeIDE_1.14.1/STM32CubeIDE/plugins/com.st.stm32cube.ide.mcu.externaltools.gnu-tools-for-stm32.11.3.rel1.win32_1.1.100.202309141235/tools/bin/../lib/gcc/arm-none-eabi/11.3.1/thumb/v7-m/nofp/crtbegin.o
                [!provide]                        PROVIDE (__fini_array_end = .)
                0x00000000080020dc                . = ALIGN (0x4)
                0x00000000080020dc                _sidata = LOADADDR (.data)

.data           0x0000000020000000       0x44 load address 0x00000000080020dc
                0x0000000020000000                . = ALIGN (0x4)
                0x0000000020000000                _sdata = .
 *(.data)
 *(.data*)
 .data.KeyReg0  0x0000000020000000        0xc ./Core/Src/button.o
                0x0000000020000000                KeyReg0
 .data.KeyReg1  0x000000002000000c        0xc ./Core/Src/button.o
                0x000000002000000c                KeyReg1
 .data.KeyReg2  0x0000000020000018        0xc ./Core/Src/button.o
                0x0000000020000018                KeyReg2
 .data.KeyReg3  0x0000000020000024        0xc ./Core/Src/button.o
                0x0000000020000024                KeyReg3
 .data.TimeOutForKeyPress
                0x0000000020000030        0x4 ./Core/Src/button.o
                0x0000000020000030                TimeOutForKeyPress
 .data.TimeOutForLongKeyPress
                0x0000000020000034        0x4 ./Core/Src/button.o
                0x0000000020000034                TimeOutForLongKeyPress
 .data.SystemCoreClock
                0x0000000020000038        0x4 ./Core/Src/system_stm32f1xx.o
                0x0000000020000038                SystemCoreClock
 .data.uwTickPrio
                0x000000002000003c        0x4 ./Drivers/STM32F1xx_HAL_Driver/Src/stm32f1xx_hal.o
                0x000000002000003c                uwTickPrio
 .data.uwTickFreq
                0x0000000020000040        0x1 ./Drivers/STM32F1xx_HAL_Driver/Src/stm32f1xx_hal.o
                0x0000000020000040                uwTickFreq
 *(.RamFunc)
 *(.RamFunc*)
                0x0000000020000044                . = ALIGN (0x4)
 *fill*         0x0000000020000041        0x3 
                0x0000000020000044                _edata = .

.igot.plt       0x0000000020000044        0x0 load address 0x0000000008002120
 .igot.plt      0x0000000020000044        0x0 D:/STM32CubeIDE_1.14.1/STM32CubeIDE/plugins/com.st.stm32cube.ide.mcu.externaltools.gnu-tools-for-stm32.11.3.rel1.win32_1.1.100.202309141235/tools/bin/../lib/gcc/arm-none-eabi/11.3.1/thumb/v7-m/nofp/crtbegin.o
                0x0000000020000044                . = ALIGN (0x4)

.bss            0x0000000020000044       0xb8 load address 0x0000000008002120
                0x0000000020000044                _sbss = .
                0x0000000020000044                __bss_start__ = _sbss
 *(.bss)
 .bss           0x0000000020000044       0x1c D:/STM32CubeIDE_1.14.1/STM32CubeIDE/plugins/com.st.stm32cube.ide.mcu.externaltools.gnu-tools-for-stm32.11.3.rel1.win32_1.1.100.202309141235/tools/bin/../lib/gcc/arm-none-eabi/11.3.1/thumb/v7-m/nofp/crtbegin.o
 *(.bss*)
 .bss.button_flag
                0x0000000020000060        0xc ./Core/Src/button.o
                0x0000000020000060                button_flag
 .bss.button_flag_1s
                0x000000002000006c        0xc ./Core/Src/button.o
                0x000000002000006c                button_flag_1s
 .bss.long_button_flag
                0x0000000020000078        0xc ./Core/Src/button.o
                0x0000000020000078                long_button_flag
 .bss.n         0x0000000020000084        0x4 ./Core/Src/fsm_simple_buttons_run.o
                0x0000000020000084                n
 .bss.htim2     0x0000000020000088       0x48 ./Core/Src/main.o
                0x0000000020000088                htim2
 .bss.timer0_counter
                0x00000000200000d0        0x4 ./Core/Src/software_timer.o
                0x00000000200000d0                timer0_counter
 .bss.timer1_count
                0x00000000200000d4        0x4 ./Core/Src/software_timer.o
                0x00000000200000d4                timer1_count
 .bss.timer2_count
                0x00000000200000d8        0x4 ./Core/Src/software_timer.o
                0x00000000200000d8                timer2_count
 .bss.timer3_count
                0x00000000200000dc        0x4 ./Core/Src/software_timer.o
                0x00000000200000dc                timer3_count
 .bss.timer4_count
                0x00000000200000e0        0x4 ./Core/Src/software_timer.o
                0x00000000200000e0                timer4_count
 .bss.timer0_flag
                0x00000000200000e4        0x4 ./Core/Src/software_timer.o
                0x00000000200000e4                timer0_flag
 .bss.timer1_flag
                0x00000000200000e8        0x4 ./Core/Src/software_timer.o
                0x00000000200000e8                timer1_flag
 .bss.timer2_flag
                0x00000000200000ec        0x4 ./Core/Src/software_timer.o
                0x00000000200000ec                timer2_flag
 .bss.timer3_flag
                0x00000000200000f0        0x4 ./Core/Src/software_timer.o
                0x00000000200000f0                timer3_flag
 .bss.timer4_flag
                0x00000000200000f4        0x4 ./Core/Src/software_timer.o
                0x00000000200000f4                timer4_flag
 .bss.uwTick    0x00000000200000f8        0x4 ./Drivers/STM32F1xx_HAL_Driver/Src/stm32f1xx_hal.o
                0x00000000200000f8                uwTick
 *(COMMON)
                0x00000000200000fc                . = ALIGN (0x4)
                0x00000000200000fc                _ebss = .
                0x00000000200000fc                __bss_end__ = _ebss

._user_heap_stack
                0x00000000200000fc      0x604 load address 0x0000000008002120
                0x0000000020000100                . = ALIGN (0x8)
 *fill*         0x00000000200000fc        0x4 
                [!provide]                        PROVIDE (end = .)
                0x0000000020000100                PROVIDE (_end = .)
                0x0000000020000300                . = (. + _Min_Heap_Size)
 *fill*         0x0000000020000100      0x200 
                0x0000000020000700                . = (. + _Min_Stack_Size)
 *fill*         0x0000000020000300      0x400 
                0x0000000020000700                . = ALIGN (0x8)

/DISCARD/
 libc.a(*)
 libm.a(*)
 libgcc.a(*)

.ARM.attributes
                0x0000000000000000       0x29
 *(.ARM.attributes)
 .ARM.attributes
                0x0000000000000000       0x1d D:/STM32CubeIDE_1.14.1/STM32CubeIDE/plugins/com.st.stm32cube.ide.mcu.externaltools.gnu-tools-for-stm32.11.3.rel1.win32_1.1.100.202309141235/tools/bin/../lib/gcc/arm-none-eabi/11.3.1/thumb/v7-m/nofp/crti.o
 .ARM.attributes
                0x000000000000001d       0x2d D:/STM32CubeIDE_1.14.1/STM32CubeIDE/plugins/com.st.stm32cube.ide.mcu.externaltools.gnu-tools-for-stm32.11.3.rel1.win32_1.1.100.202309141235/tools/bin/../lib/gcc/arm-none-eabi/11.3.1/thumb/v7-m/nofp/crtbegin.o
 .ARM.attributes
                0x000000000000004a       0x2d ./Core/Src/button.o
 .ARM.attributes
                0x0000000000000077       0x2d ./Core/Src/control_led.o
 .ARM.attributes
                0x00000000000000a4       0x2d ./Core/Src/fsm_simple_buttons_run.o
 .ARM.attributes
                0x00000000000000d1       0x2d ./Core/Src/main.o
 .ARM.attributes
                0x00000000000000fe       0x2d ./Core/Src/software_timer.o
 .ARM.attributes
                0x000000000000012b       0x2d ./Core/Src/stm32f1xx_hal_msp.o
 .ARM.attributes
                0x0000000000000158       0x2d ./Core/Src/stm32f1xx_it.o
 .ARM.attributes
                0x0000000000000185       0x2d ./Core/Src/system_stm32f1xx.o
 .ARM.attributes
                0x00000000000001b2       0x21 ./Core/Startup/startup_stm32f103c6tx.o
 .ARM.attributes
                0x00000000000001d3       0x2d ./Drivers/STM32F1xx_HAL_Driver/Src/stm32f1xx_hal.o
 .ARM.attributes
                0x0000000000000200       0x2d ./Drivers/STM32F1xx_HAL_Driver/Src/stm32f1xx_hal_cortex.o
 .ARM.attributes
                0x000000000000022d       0x2d ./Drivers/STM32F1xx_HAL_Driver/Src/stm32f1xx_hal_gpio.o
 .ARM.attributes
                0x000000000000025a       0x2d ./Drivers/STM32F1xx_HAL_Driver/Src/stm32f1xx_hal_rcc.o
 .ARM.attributes
                0x0000000000000287       0x2d ./Drivers/STM32F1xx_HAL_Driver/Src/stm32f1xx_hal_tim.o
 .ARM.attributes
                0x00000000000002b4       0x2d ./Drivers/STM32F1xx_HAL_Driver/Src/stm32f1xx_hal_tim_ex.o
 .ARM.attributes
                0x00000000000002e1       0x2d D:/STM32CubeIDE_1.14.1/STM32CubeIDE/plugins/com.st.stm32cube.ide.mcu.externaltools.gnu-tools-for-stm32.11.3.rel1.win32_1.1.100.202309141235/tools/bin/../lib/gcc/arm-none-eabi/11.3.1/../../../../arm-none-eabi/lib/thumb/v7-m/nofp\libc_nano.a(libc_a-memset.o)
 .ARM.attributes
                0x000000000000030e       0x2d D:/STM32CubeIDE_1.14.1/STM32CubeIDE/plugins/com.st.stm32cube.ide.mcu.externaltools.gnu-tools-for-stm32.11.3.rel1.win32_1.1.100.202309141235/tools/bin/../lib/gcc/arm-none-eabi/11.3.1/../../../../arm-none-eabi/lib/thumb/v7-m/nofp\libc_nano.a(libc_a-init.o)
 .ARM.attributes
                0x000000000000033b       0x1d D:/STM32CubeIDE_1.14.1/STM32CubeIDE/plugins/com.st.stm32cube.ide.mcu.externaltools.gnu-tools-for-stm32.11.3.rel1.win32_1.1.100.202309141235/tools/bin/../lib/gcc/arm-none-eabi/11.3.1/thumb/v7-m/nofp/crtn.o
OUTPUT(FinalLab_NTThienHuong.elf elf32-littlearm)
LOAD linker stubs
LOAD D:/STM32CubeIDE_1.14.1/STM32CubeIDE/plugins/com.st.stm32cube.ide.mcu.externaltools.gnu-tools-for-stm32.11.3.rel1.win32_1.1.100.202309141235/tools/bin/../lib/gcc/arm-none-eabi/11.3.1/../../../../arm-none-eabi/lib/thumb/v7-m/nofp\libc.a
LOAD D:/STM32CubeIDE_1.14.1/STM32CubeIDE/plugins/com.st.stm32cube.ide.mcu.externaltools.gnu-tools-for-stm32.11.3.rel1.win32_1.1.100.202309141235/tools/bin/../lib/gcc/arm-none-eabi/11.3.1/../../../../arm-none-eabi/lib/thumb/v7-m/nofp\libm.a
LOAD D:/STM32CubeIDE_1.14.1/STM32CubeIDE/plugins/com.st.stm32cube.ide.mcu.externaltools.gnu-tools-for-stm32.11.3.rel1.win32_1.1.100.202309141235/tools/bin/../lib/gcc/arm-none-eabi/11.3.1/thumb/v7-m/nofp\libgcc.a

.comment        0x0000000000000000       0x43
 .comment       0x0000000000000000       0x43 D:/STM32CubeIDE_1.14.1/STM32CubeIDE/plugins/com.st.stm32cube.ide.mcu.externaltools.gnu-tools-for-stm32.11.3.rel1.win32_1.1.100.202309141235/tools/bin/../lib/gcc/arm-none-eabi/11.3.1/thumb/v7-m/nofp/crtbegin.o
                                         0x44 (size before relaxing)
 .comment       0x0000000000000043       0x44 ./Core/Src/button.o
 .comment       0x0000000000000043       0x44 ./Core/Src/control_led.o
 .comment       0x0000000000000043       0x44 ./Core/Src/fsm_simple_buttons_run.o
 .comment       0x0000000000000043       0x44 ./Core/Src/main.o
 .comment       0x0000000000000043       0x44 ./Core/Src/software_timer.o
 .comment       0x0000000000000043       0x44 ./Core/Src/stm32f1xx_hal_msp.o
 .comment       0x0000000000000043       0x44 ./Core/Src/stm32f1xx_it.o
 .comment       0x0000000000000043       0x44 ./Core/Src/system_stm32f1xx.o
 .comment       0x0000000000000043       0x44 ./Drivers/STM32F1xx_HAL_Driver/Src/stm32f1xx_hal.o
 .comment       0x0000000000000043       0x44 ./Drivers/STM32F1xx_HAL_Driver/Src/stm32f1xx_hal_cortex.o
 .comment       0x0000000000000043       0x44 ./Drivers/STM32F1xx_HAL_Driver/Src/stm32f1xx_hal_gpio.o
 .comment       0x0000000000000043       0x44 ./Drivers/STM32F1xx_HAL_Driver/Src/stm32f1xx_hal_rcc.o
 .comment       0x0000000000000043       0x44 ./Drivers/STM32F1xx_HAL_Driver/Src/stm32f1xx_hal_tim.o
 .comment       0x0000000000000043       0x44 ./Drivers/STM32F1xx_HAL_Driver/Src/stm32f1xx_hal_tim_ex.o

.debug_info     0x0000000000000000     0x8215
 .debug_info    0x0000000000000000      0x2b7 ./Core/Src/button.o
 .debug_info    0x00000000000002b7      0x182 ./Core/Src/control_led.o
 .debug_info    0x0000000000000439      0x1e0 ./Core/Src/fsm_simple_buttons_run.o
 .debug_info    0x0000000000000619      0xb9d ./Core/Src/main.o
 .debug_info    0x00000000000011b6      0x1ba ./Core/Src/software_timer.o
 .debug_info    0x0000000000001370      0x91a ./Core/Src/stm32f1xx_hal_msp.o
 .debug_info    0x0000000000001c8a      0x6a1 ./Core/Src/stm32f1xx_it.o
 .debug_info    0x000000000000232b      0x222 ./Core/Src/system_stm32f1xx.o
 .debug_info    0x000000000000254d       0x23 ./Core/Startup/startup_stm32f103c6tx.o
 .debug_info    0x0000000000002570      0x6e6 ./Drivers/STM32F1xx_HAL_Driver/Src/stm32f1xx_hal.o
 .debug_info    0x0000000000002c56      0xa69 ./Drivers/STM32F1xx_HAL_Driver/Src/stm32f1xx_hal_cortex.o
 .debug_info    0x00000000000036bf      0x5ab ./Drivers/STM32F1xx_HAL_Driver/Src/stm32f1xx_hal_gpio.o
 .debug_info    0x0000000000003c6a      0x7d5 ./Drivers/STM32F1xx_HAL_Driver/Src/stm32f1xx_hal_rcc.o
 .debug_info    0x000000000000443f     0x293b ./Drivers/STM32F1xx_HAL_Driver/Src/stm32f1xx_hal_tim.o
 .debug_info    0x0000000000006d7a     0x149b ./Drivers/STM32F1xx_HAL_Driver/Src/stm32f1xx_hal_tim_ex.o

.debug_abbrev   0x0000000000000000     0x1a05
 .debug_abbrev  0x0000000000000000      0x194 ./Core/Src/button.o
 .debug_abbrev  0x0000000000000194       0xf1 ./Core/Src/control_led.o
 .debug_abbrev  0x0000000000000285      0x142 ./Core/Src/fsm_simple_buttons_run.o
 .debug_abbrev  0x00000000000003c7      0x284 ./Core/Src/main.o
 .debug_abbrev  0x000000000000064b       0xbc ./Core/Src/software_timer.o
 .debug_abbrev  0x0000000000000707      0x1ad ./Core/Src/stm32f1xx_hal_msp.o
 .debug_abbrev  0x00000000000008b4      0x191 ./Core/Src/stm32f1xx_it.o
 .debug_abbrev  0x0000000000000a45      0x13f ./Core/Src/system_stm32f1xx.o
 .debug_abbrev  0x0000000000000b84       0x12 ./Core/Startup/startup_stm32f103c6tx.o
 .debug_abbrev  0x0000000000000b96      0x201 ./Drivers/STM32F1xx_HAL_Driver/Src/stm32f1xx_hal.o
 .debug_abbrev  0x0000000000000d97      0x2f8 ./Drivers/STM32F1xx_HAL_Driver/Src/stm32f1xx_hal_cortex.o
 .debug_abbrev  0x000000000000108f      0x1ca ./Drivers/STM32F1xx_HAL_Driver/Src/stm32f1xx_hal_gpio.o
 .debug_abbrev  0x0000000000001259      0x2b3 ./Drivers/STM32F1xx_HAL_Driver/Src/stm32f1xx_hal_rcc.o
 .debug_abbrev  0x000000000000150c      0x277 ./Drivers/STM32F1xx_HAL_Driver/Src/stm32f1xx_hal_tim.o
 .debug_abbrev  0x0000000000001783      0x282 ./Drivers/STM32F1xx_HAL_Driver/Src/stm32f1xx_hal_tim_ex.o

.debug_aranges  0x0000000000000000      0x9f8
 .debug_aranges
                0x0000000000000000       0x38 ./Core/Src/button.o
 .debug_aranges
                0x0000000000000038       0x20 ./Core/Src/control_led.o
 .debug_aranges
                0x0000000000000058       0x28 ./Core/Src/fsm_simple_buttons_run.o
 .debug_aranges
                0x0000000000000080       0x48 ./Core/Src/main.o
 .debug_aranges
                0x00000000000000c8       0x48 ./Core/Src/software_timer.o
 .debug_aranges
                0x0000000000000110       0x30 ./Core/Src/stm32f1xx_hal_msp.o
 .debug_aranges
                0x0000000000000140       0x68 ./Core/Src/stm32f1xx_it.o
 .debug_aranges
                0x00000000000001a8       0x28 ./Core/Src/system_stm32f1xx.o
 .debug_aranges
                0x00000000000001d0       0x28 ./Core/Startup/startup_stm32f103c6tx.o
 .debug_aranges
                0x00000000000001f8       0xe0 ./Drivers/STM32F1xx_HAL_Driver/Src/stm32f1xx_hal.o
 .debug_aranges
                0x00000000000002d8      0x100 ./Drivers/STM32F1xx_HAL_Driver/Src/stm32f1xx_hal_cortex.o
 .debug_aranges
                0x00000000000003d8       0x58 ./Drivers/STM32F1xx_HAL_Driver/Src/stm32f1xx_hal_gpio.o
 .debug_aranges
                0x0000000000000430       0x90 ./Drivers/STM32F1xx_HAL_Driver/Src/stm32f1xx_hal_rcc.o
 .debug_aranges
                0x00000000000004c0      0x3d0 ./Drivers/STM32F1xx_HAL_Driver/Src/stm32f1xx_hal_tim.o
 .debug_aranges
                0x0000000000000890      0x168 ./Drivers/STM32F1xx_HAL_Driver/Src/stm32f1xx_hal_tim_ex.o

.debug_rnglists
                0x0000000000000000      0x79c
 .debug_rnglists
                0x0000000000000000       0x26 ./Core/Src/button.o
 .debug_rnglists
                0x0000000000000026       0x14 ./Core/Src/control_led.o
 .debug_rnglists
                0x000000000000003a       0x1a ./Core/Src/fsm_simple_buttons_run.o
 .debug_rnglists
                0x0000000000000054       0x33 ./Core/Src/main.o
 .debug_rnglists
                0x0000000000000087       0x32 ./Core/Src/software_timer.o
 .debug_rnglists
                0x00000000000000b9       0x1f ./Core/Src/stm32f1xx_hal_msp.o
 .debug_rnglists
                0x00000000000000d8       0x49 ./Core/Src/stm32f1xx_it.o
 .debug_rnglists
                0x0000000000000121       0x1a ./Core/Src/system_stm32f1xx.o
 .debug_rnglists
                0x000000000000013b       0x19 ./Core/Startup/startup_stm32f103c6tx.o
 .debug_rnglists
                0x0000000000000154       0xa3 ./Drivers/STM32F1xx_HAL_Driver/Src/stm32f1xx_hal.o
 .debug_rnglists
                0x00000000000001f7       0xbb ./Drivers/STM32F1xx_HAL_Driver/Src/stm32f1xx_hal_cortex.o
 .debug_rnglists
                0x00000000000002b2       0x3f ./Drivers/STM32F1xx_HAL_Driver/Src/stm32f1xx_hal_gpio.o
 .debug_rnglists
                0x00000000000002f1       0x6c ./Drivers/STM32F1xx_HAL_Driver/Src/stm32f1xx_hal_rcc.o
 .debug_rnglists
                0x000000000000035d      0x31a ./Drivers/STM32F1xx_HAL_Driver/Src/stm32f1xx_hal_tim.o
 .debug_rnglists
                0x0000000000000677      0x125 ./Drivers/STM32F1xx_HAL_Driver/Src/stm32f1xx_hal_tim_ex.o

.debug_macro    0x0000000000000000    0x16823
 .debug_macro   0x0000000000000000      0x1c7 ./Core/Src/button.o
 .debug_macro   0x00000000000001c7      0xa9c ./Core/Src/button.o
 .debug_macro   0x0000000000000c63      0x215 ./Core/Src/button.o
 .debug_macro   0x0000000000000e78       0x2e ./Core/Src/button.o
 .debug_macro   0x0000000000000ea6       0x22 ./Core/Src/button.o
 .debug_macro   0x0000000000000ec8       0x22 ./Core/Src/button.o
 .debug_macro   0x0000000000000eea       0x8e ./Core/Src/button.o
 .debug_macro   0x0000000000000f78       0x51 ./Core/Src/button.o
 .debug_macro   0x0000000000000fc9      0x103 ./Core/Src/button.o
 .debug_macro   0x00000000000010cc       0x6a ./Core/Src/button.o
 .debug_macro   0x0000000000001136      0x1df ./Core/Src/button.o
 .debug_macro   0x0000000000001315       0x1c ./Core/Src/button.o
 .debug_macro   0x0000000000001331       0x22 ./Core/Src/button.o
 .debug_macro   0x0000000000001353       0xbd ./Core/Src/button.o
 .debug_macro   0x0000000000001410      0xd23 ./Core/Src/button.o
 .debug_macro   0x0000000000002133     0xde75 ./Core/Src/button.o
 .debug_macro   0x000000000000ffa8       0x6d ./Core/Src/button.o
 .debug_macro   0x0000000000010015     0x348d ./Core/Src/button.o
 .debug_macro   0x00000000000134a2      0x174 ./Core/Src/button.o
 .debug_macro   0x0000000000013616       0x5c ./Core/Src/button.o
 .debug_macro   0x0000000000013672      0x5bc ./Core/Src/button.o
 .debug_macro   0x0000000000013c2e      0x1b7 ./Core/Src/button.o
 .debug_macro   0x0000000000013de5      0x1cb ./Core/Src/button.o
 .debug_macro   0x0000000000013fb0      0x114 ./Core/Src/button.o
 .debug_macro   0x00000000000140c4      0x1b2 ./Core/Src/button.o
 .debug_macro   0x0000000000014276       0x27 ./Core/Src/button.o
 .debug_macro   0x000000000001429d      0x12f ./Core/Src/button.o
 .debug_macro   0x00000000000143cc      0x1bc ./Core/Src/button.o
 .debug_macro   0x0000000000014588       0x34 ./Core/Src/button.o
 .debug_macro   0x00000000000145bc       0x3c ./Core/Src/button.o
 .debug_macro   0x00000000000145f8       0x57 ./Core/Src/button.o
 .debug_macro   0x000000000001464f       0x87 ./Core/Src/button.o
 .debug_macro   0x00000000000146d6      0x183 ./Core/Src/button.o
 .debug_macro   0x0000000000014859      0x140 ./Core/Src/button.o
 .debug_macro   0x0000000000014999      0x8ed ./Core/Src/button.o
 .debug_macro   0x0000000000015286       0x69 ./Core/Src/button.o
 .debug_macro   0x00000000000152ef       0x88 ./Core/Src/button.o
 .debug_macro   0x0000000000015377       0x10 ./Core/Src/button.o
 .debug_macro   0x0000000000015387      0x1b0 ./Core/Src/control_led.o
 .debug_macro   0x0000000000015537      0x1cd ./Core/Src/fsm_simple_buttons_run.o
 .debug_macro   0x0000000000015704       0x16 ./Core/Src/fsm_simple_buttons_run.o
 .debug_macro   0x000000000001571a      0x1d5 ./Core/Src/main.o
 .debug_macro   0x00000000000158ef       0x1b ./Core/Src/software_timer.o
 .debug_macro   0x000000000001590a      0x1a6 ./Core/Src/stm32f1xx_hal_msp.o
 .debug_macro   0x0000000000015ab0      0x1b0 ./Core/Src/stm32f1xx_it.o
 .debug_macro   0x0000000000015c60      0x197 ./Core/Src/system_stm32f1xx.o
 .debug_macro   0x0000000000015df7      0x1bb ./Drivers/STM32F1xx_HAL_Driver/Src/stm32f1xx_hal.o
 .debug_macro   0x0000000000015fb2      0x197 ./Drivers/STM32F1xx_HAL_Driver/Src/stm32f1xx_hal_cortex.o
 .debug_macro   0x0000000000016149      0x202 ./Drivers/STM32F1xx_HAL_Driver/Src/stm32f1xx_hal_gpio.o
 .debug_macro   0x000000000001634b      0x1a9 ./Drivers/STM32F1xx_HAL_Driver/Src/stm32f1xx_hal_rcc.o
 .debug_macro   0x00000000000164f4      0x198 ./Drivers/STM32F1xx_HAL_Driver/Src/stm32f1xx_hal_tim.o
 .debug_macro   0x000000000001668c      0x197 ./Drivers/STM32F1xx_HAL_Driver/Src/stm32f1xx_hal_tim_ex.o

.debug_line     0x0000000000000000     0xb084
 .debug_line    0x0000000000000000      0x7f7 ./Core/Src/button.o
 .debug_line    0x00000000000007f7      0x731 ./Core/Src/control_led.o
 .debug_line    0x0000000000000f28      0x799 ./Core/Src/fsm_simple_buttons_run.o
 .debug_line    0x00000000000016c1      0x838 ./Core/Src/main.o
 .debug_line    0x0000000000001ef9      0x14d ./Core/Src/software_timer.o
 .debug_line    0x0000000000002046      0x71d ./Core/Src/stm32f1xx_hal_msp.o
 .debug_line    0x0000000000002763      0x7bb ./Core/Src/stm32f1xx_it.o
 .debug_line    0x0000000000002f1e      0x75f ./Core/Src/system_stm32f1xx.o
 .debug_line    0x000000000000367d       0x78 ./Core/Startup/startup_stm32f103c6tx.o
 .debug_line    0x00000000000036f5      0x98c ./Drivers/STM32F1xx_HAL_Driver/Src/stm32f1xx_hal.o
 .debug_line    0x0000000000004081      0xb74 ./Drivers/STM32F1xx_HAL_Driver/Src/stm32f1xx_hal_cortex.o
 .debug_line    0x0000000000004bf5      0xa10 ./Drivers/STM32F1xx_HAL_Driver/Src/stm32f1xx_hal_gpio.o
 .debug_line    0x0000000000005605      0xd95 ./Drivers/STM32F1xx_HAL_Driver/Src/stm32f1xx_hal_rcc.o
 .debug_line    0x000000000000639a     0x342f ./Drivers/STM32F1xx_HAL_Driver/Src/stm32f1xx_hal_tim.o
 .debug_line    0x00000000000097c9     0x18bb ./Drivers/STM32F1xx_HAL_Driver/Src/stm32f1xx_hal_tim_ex.o

.debug_str      0x0000000000000000    0x8218f
 .debug_str     0x0000000000000000    0x7f5c5 ./Core/Src/button.o
                                      0x7f90f (size before relaxing)
 .debug_str     0x000000000007f5c5       0x4c ./Core/Src/control_led.o
                                      0x7f804 (size before relaxing)
 .debug_str     0x000000000007f611       0xc3 ./Core/Src/fsm_simple_buttons_run.o
                                      0x7f8cb (size before relaxing)
 .debug_str     0x000000000007f6d4      0x79f ./Core/Src/main.o
                                      0x800ce (size before relaxing)
 .debug_str     0x000000000007fe73       0xb7 ./Core/Src/software_timer.o
                                       0x2e84 (size before relaxing)
 .debug_str     0x000000000007ff2a      0x300 ./Core/Src/stm32f1xx_hal_msp.o
                                      0x7ffce (size before relaxing)
 .debug_str     0x000000000008022a       0xec ./Core/Src/stm32f1xx_it.o
                                      0x7fd09 (size before relaxing)
 .debug_str     0x0000000000080316       0x88 ./Core/Src/system_stm32f1xx.o
                                      0x7f650 (size before relaxing)
 .debug_str     0x000000000008039e       0x71 ./Core/Startup/startup_stm32f103c6tx.o
 .debug_str     0x000000000008040f      0x38e ./Drivers/STM32F1xx_HAL_Driver/Src/stm32f1xx_hal.o
                                      0x7fd34 (size before relaxing)
 .debug_str     0x000000000008079d      0x294 ./Drivers/STM32F1xx_HAL_Driver/Src/stm32f1xx_hal_cortex.o
                                      0x7fc80 (size before relaxing)
 .debug_str     0x0000000000080a31      0x2d2 ./Drivers/STM32F1xx_HAL_Driver/Src/stm32f1xx_hal_gpio.o
                                      0x7f9c1 (size before relaxing)
 .debug_str     0x0000000000080d03      0x229 ./Drivers/STM32F1xx_HAL_Driver/Src/stm32f1xx_hal_rcc.o
                                      0x7fa6a (size before relaxing)
 .debug_str     0x0000000000080f2c      0xdd0 ./Drivers/STM32F1xx_HAL_Driver/Src/stm32f1xx_hal_tim.o
                                      0x80a5c (size before relaxing)
 .debug_str     0x0000000000081cfc      0x493 ./Drivers/STM32F1xx_HAL_Driver/Src/stm32f1xx_hal_tim_ex.o
                                      0x80278 (size before relaxing)

.debug_frame    0x0000000000000000     0x27ec
 .debug_frame   0x0000000000000000       0xac ./Core/Src/button.o
 .debug_frame   0x00000000000000ac       0x34 ./Core/Src/control_led.o
 .debug_frame   0x00000000000000e0       0x4c ./Core/Src/fsm_simple_buttons_run.o
 .debug_frame   0x000000000000012c       0xd4 ./Core/Src/main.o
 .debug_frame   0x0000000000000200       0xf8 ./Core/Src/software_timer.o
 .debug_frame   0x00000000000002f8       0x80 ./Core/Src/stm32f1xx_hal_msp.o
 .debug_frame   0x0000000000000378      0x120 ./Core/Src/stm32f1xx_it.o
 .debug_frame   0x0000000000000498       0x58 ./Core/Src/system_stm32f1xx.o
 .debug_frame   0x00000000000004f0      0x334 ./Drivers/STM32F1xx_HAL_Driver/Src/stm32f1xx_hal.o
 .debug_frame   0x0000000000000824      0x428 ./Drivers/STM32F1xx_HAL_Driver/Src/stm32f1xx_hal_cortex.o
 .debug_frame   0x0000000000000c4c      0x14c ./Drivers/STM32F1xx_HAL_Driver/Src/stm32f1xx_hal_gpio.o
 .debug_frame   0x0000000000000d98      0x218 ./Drivers/STM32F1xx_HAL_Driver/Src/stm32f1xx_hal_rcc.o
 .debug_frame   0x0000000000000fb0     0x11b8 ./Drivers/STM32F1xx_HAL_Driver/Src/stm32f1xx_hal_tim.o
 .debug_frame   0x0000000000002168      0x638 ./Drivers/STM32F1xx_HAL_Driver/Src/stm32f1xx_hal_tim_ex.o
 .debug_frame   0x00000000000027a0       0x20 D:/STM32CubeIDE_1.14.1/STM32CubeIDE/plugins/com.st.stm32cube.ide.mcu.externaltools.gnu-tools-for-stm32.11.3.rel1.win32_1.1.100.202309141235/tools/bin/../lib/gcc/arm-none-eabi/11.3.1/../../../../arm-none-eabi/lib/thumb/v7-m/nofp\libc_nano.a(libc_a-memset.o)
 .debug_frame   0x00000000000027c0       0x2c D:/STM32CubeIDE_1.14.1/STM32CubeIDE/plugins/com.st.stm32cube.ide.mcu.externaltools.gnu-tools-for-stm32.11.3.rel1.win32_1.1.100.202309141235/tools/bin/../lib/gcc/arm-none-eabi/11.3.1/../../../../arm-none-eabi/lib/thumb/v7-m/nofp\libc_nano.a(libc_a-init.o)

.debug_line_str
                0x0000000000000000       0x65
 .debug_line_str
                0x0000000000000000       0x65 ./Core/Startup/startup_stm32f103c6tx.o
                                         0x7d (size before relaxing)
